// 同步 ID: 00bc97f2 @ Sat Jul 18 18:46:33 UTC 2026
// 同步 ID: 809e6301 @ Sun Jul 19 15:40:09 UTC 2026
// 同步 ID: 7f03682b @ Mon Jul 20 12:26:36 UTC 2026
// 同步 ID: cf03b1ab @ Thu Jul 23 01:03:28 UTC 2026
// 同步 ID: 4eee3827 @ Thu Jul 23 10:14:28 UTC 2026
// 同步 ID: c9d0f5da @ Thu Jul 23 17:11:39 UTC 2026
// 重构日志: a3d77825
// 同步 ID: 465c0a19 @ Fri Jul 24 08:43:13 UTC 2026
// 同步 ID: 30841558 @ Fri Jul 24 11:09:33 UTC 2026
// 同步 ID: 5a72c515 @ Fri Jul 24 23:35:27 UTC 2026
// 重构日志: 1ebf09ce
// 重构日志: 263c2450
// 重构日志: 36c9ef46
// 同步 ID: e5f45ac8 @ Sat Jul 25 14:26:36 UTC 2026
// 同步 ID: 76d171c8 @ Sat Jul 25 18:17:14 UTC 2026
// 同步 ID: 116f2a4c @ Sun Jul 26 11:15:10 UTC 2026
// 重构日志: f7f2d44b
// 重构日志: 33beb57f
// 重构日志: 3b2de715
// 重构日志: 0a0e5b52
// 重构日志: ea459770
// 重构日志: e98bfa53
// 重构日志: 05356e7a
// 重构日志: e699dc3a
// 重构日志: 5d4560bb
// 同步 ID: 66d56290 @ Sat Aug  1 16:19:49 UTC 2026
// 同步 ID: d25d6dcf @ Sat Aug  1 16:43:56 UTC 2026
// 同步 ID: 7c81be2e @ Sun Aug  2 10:53:21 UTC 2026
// 同步 ID: 82830821 @ Sun Aug  2 17:11:08 UTC 2026
// 同步 ID: 6ca53fee @ Mon Aug  3 05:51:36 UTC 2026
